Run 2 batches r1:  8.305
Run 2 batches r2:  7.342
Run 4 batches r1:  15.633
Run 4 batches r2:  15.640
