Run 2 batches r1:  61.202
Run 2 batches r2:  93.819
Run 4 batches r1:  139.960
Run 4 batches r2:  124.617
